// Jest Snapshot v1, https://goo.gl/fbAQLP

exports[`DomePosition test renders correctly 1`] = `
<div
  className="dome-position-container"
>
  <div
    className="cardinal-points"
  >
    <img
      alt="cardinal-points"
      src="/img/Cardinal_directions.png"
    />
  </div>
  <svg
    className="svg-container"
    height={400}
    width={430}
  >
    <g
      height={300}
      id="dome-angle"
      transform="translate(165,150)"
      width={330}
    >
      <image
        height={300}
        id="dome-background"
        opacity={1}
        width={330}
        x={-165}
        xlinkHref="/img/dome_top.png"
        y={-150}
      />
      <line
        className="dome-angle"
        id="dome-angle-top"
        x1={0}
        x2={-165}
        y1={0}
        y2={0}
      />
      <line
        className="dome-angle"
        id="dome-angle-bot"
        x1={0}
        x2={-165}
        y1={0}
        y2={0}
      />
      <circle
        className="dome-angle"
        cx={0}
        cy={0}
        id="test-circle"
        pointerEvents="all"
        r={5}
      />
    </g>
    <g
      height={300}
      id="mount-angle"
      transform="translate(165,150)"
      width={330}
    >
      <line
        className="mount-angle"
        id="mount-angle-top"
        strokeWidth={4}
        x1={0}
        x2={-165}
        y1={0}
        y2={0}
      />
      <line
        className="mount-angle"
        id="mount-angle-bot"
        strokeWidth={4}
        x1={0}
        x2={-165}
        y1={0}
        y2={0}
      />
    </g>
  </svg>
  <div
    className="dome-position-info"
  >
    <div
      className="dome-azimuth-text"
    >
      <span>
        Dome azimuth: 
      </span>
      <span>
        10.0ยบ
      </span>
    </div>
    <div>
      <span
        className="dome-data-label"
      >
        Mount azimuth: 
      </span>
      <span
        className="dome-data"
      >
        10.0ยบ
      </span>
    </div>
    <div>
      <span
        className="dome-data-label"
      >
        Camera FOV: 
      </span>
      <span
        className="dome-data"
      >
        10ยบ
      </span>
    </div>
  </div>
</div>
`;
