// Jest Snapshot v1, https://goo.gl/fbAQLP

exports[`renders correctly 1`] = `
<div
  className="environment-container"
>
  <div
    className="draggable-title "
  >
    <h2>
      Environment
    </h2>
    <div
      className="move-button"
    >
      <svg
        fill="currentColor"
        height={30}
        preserveAspectRatio="xMidYMid meet"
        style={
          Object {
            "color": undefined,
            "verticalAlign": "middle",
          }
        }
        viewBox="0 0 40 40"
        width={30}
      >
        <g>
          <path
            d="m29.5 13.8c-0.6-0.6-1.7-0.6-2.3 0s-0.7 1.7 0 2.4l2.1 2.1h-7.6v-7.6l2.1 2.1c0.3 0.4 0.8 0.5 1.2 0.5s0.9-0.1 1.2-0.5c0.6-0.6 0.6-1.7 0-2.3l-6.2-6.2-6.2 6.2c-0.6 0.6-0.6 1.7 0 2.3s1.7 0.7 2.4 0l2.1-2.1v7.6h-7.6l2.1-2.1c0.7-0.7 0.7-1.7 0-2.4s-1.7-0.6-2.3 0l-6.2 6.2 6.2 6.2c0.3 0.3 0.7 0.5 1.2 0.5s0.8-0.2 1.1-0.5c0.7-0.7 0.7-1.7 0-2.4l-2.1-2.1h7.6v7.6l-2.1-2.1c-0.7-0.7-1.7-0.7-2.4 0s-0.6 1.7 0 2.3l6.2 6.2 6.2-6.2c0.6-0.6 0.6-1.7 0-2.3s-1.7-0.7-2.4 0l-2.1 2.1v-7.6h7.6l-2.1 2.1c-0.7 0.7-0.7 1.7 0 2.4 0.3 0.3 0.7 0.5 1.1 0.5s0.9-0.2 1.2-0.5l6.2-6.2-6.2-6.2z"
          />
        </g>
      </svg>
    </div>
    
  </div>
  <div
    className="table-wrapper"
  >
    <table>
      <tbody>
        <tr>
          <td
            className="telemetry-name"
          >
            Temperature
          </td>
          <td>
            89.6
            ºF / 
            32.0
            ºC
          </td>
        </tr>
        <tr>
          <td
            className="telemetry-name"
          >
            Humidity
          </td>
          <td>
            57
            %
          </td>
        </tr>
        <tr>
          <td
            className="telemetry-name"
          >
            Pressure
          </td>
          <td>
            770
             mmHg
          </td>
        </tr>
      </tbody>
    </table>
  </div>
</div>
`;
